........................................................................ [ 14%]
........................................................................ [ 29%]
........................................................................ [ 43%]
........................................................................ [ 58%]
........................................................................ [ 72%]
........................................................................ [ 87%]
................................................................         [100%]
============================== warnings summary ===============================
<frozen importlib._bootstrap>:488
  <frozen importlib._bootstrap>:488: DeprecationWarning: builtin type SwigPyPacked has no __module__ attribute

<frozen importlib._bootstrap>:488
  <frozen importlib._bootstrap>:488: DeprecationWarning: builtin type SwigPyObject has no __module__ attribute

test_system/test_chunking.py::TestSemanticChunker::test_produces_chunks
  C:\Users\Jan Nietzard\Documents\FOM\FOM Masterarbeit\Masterarbeit Edge\Entwicklungfolder\venv\Lib\site-packages\lancedb\pydantic.py:40: DeprecationWarning: Function 'semver.parse_version_info' is deprecated. Deprecated since version 2.10.0.  This function will be removed in semver 3. Use 'semver.version.Version.parse' instead.
    PYDANTIC_VERSION = semver.parse_version_info(pydantic.__version__)

test_system/test_data_layer.py::TestHybridRetriever::test_retrieval_modes
test_system/test_gliner_boundary.py::TestGLiNERBoundary::test_expected_entity_extracted[Albert Einstein]
  C:\Users\Jan Nietzard\Documents\FOM\FOM Masterarbeit\Masterarbeit Edge\Entwicklungfolder\venv\Lib\site-packages\huggingface_hub\utils\_validators.py:186: UserWarning: The `resume_download` argument is deprecated and ignored in `snapshot_download`. Downloads always resume whenever possible.
    warnings.warn(

-- Docs: https://docs.pytest.org/en/stable/how-to/capture-warnings.html
sys:1: DeprecationWarning: builtin type swigvarlink has no __module__ attribute
